Connected successfully to mentorai
Table: carnet
Table: carnet_planning_etude
Table: categorie_article
Table: conversation
Table: doctrine_migration_versions
Table: feedback
Table: humeur
Table: message
Table: messenger_messages
Table: motivation
Table: objectif
Table: parcours
Table: plan_actions
Table: plan_actions_articles
Table: planning_etude
Table: profil_apprentissage
Table: programme
Table: projet
Table: reference_article
Table: ressource
Table: sortie_ai
Table: sortie_ai_articles
Table: tache
Table: traitement
Table: utilisateur
Found 0 student rows matching the query.
